labuser@labuser-virtual-machine:~$ Git --version
Command 'Git' not found, did you mean:
  command 'git' from deb git (1:2.34.1-1ubuntu1.11)
  command 'vit' from deb vit (2.1.0-2)
  command 'wit' from deb wit (3.01a-4)
Try: sudo apt install <deb name>
labuser@labuser-virtual-machine:~$ git --version
git version 2.34.1
labuser@labuser-virtual-machine:~$ mkdir test1
labuser@labuser-virtual-machine:~$ cd test1
labuser@labuser-virtual-machine:~/test1$ git init
hint: Using 'master' as the name for the initial branch. This default branch name
hint: is subject to change. To configure the initial branch name to use in all
hint: of your new repositories, which will suppress this warning, call:
hint: 
hint: 	git config --global init.defaultBranch <name>
hint: 
hint: Names commonly chosen instead of 'master' are 'main', 'trunk' and
hint: 'development'. The just-created branch can be renamed via this command:
hint: 
hint: 	git branch -m <name>
Initialized empty Git repository in /home/labuser/test1/.git/
labuser@labuser-virtual-machine:~/test1$ git init
Reinitialized existing Git repository in /home/labuser/test1/.git/
labuser@labuser-virtual-machine:~/test1$ echo "test1" > test1
labuser@labuser-virtual-machine:~/test1$ git status
On branch master

No commits yet

Untracked files:
  (use "git add <file>..." to include in what will be committed)
	test1

nothing added to commit but untracked files present (use "git add" to track)
labuser@labuser-virtual-machine:~/test1$ git add .
labuser@labuser-virtual-machine:~/test1$ git commit -m "change1"
[master (root-commit) 7f69856] change1
 1 file changed, 1 insertion(+)
 create mode 100644 test1
labuser@labuser-virtual-machine:~/test1$ git remote add origin https://github.com/Akhila-Redd/practicallabtest1.git
labuser@labuser-virtual-machine:~/test1$ git remote -v
origin	https://github.com/Akhila-Redd/practicallabtest1.git (fetch)
origin	https://github.com/Akhila-Redd/practicallabtest1.git (push)
labuser@labuser-virtual-machine:~/test1$ git push -u origin master
Username for 'https://github.com': hyarelgits
Password for 'https://hyarelgits@github.com': 
remote: Invalid username or password.
fatal: Authentication failed for 'https://github.com/Akhila-Redd/practicallabtest1.git/'
labuser@labuser-virtual-machine:~/test1$ git push -u origin master
Username for 'https://github.com': hyarelgits
Password for 'https://hyarelgits@github.com': 
remote: Support for password authentication was removed on August 13, 2021.
remote: Please see https://docs.github.com/get-started/getting-started-with-git/about-remote-repositories#cloning-with-https-urls for information on currently recommended modes of authentication.
fatal: Authentication failed for 'https://github.com/Akhila-Redd/practicallabtest1.git/'
labuser@labuser-virtual-machine:~/test1$ git push -u origin master
Username for 'https://github.com': Akhila-Redd
Password for 'https://Akhila-Redd@github.com': 
remote: Support for password authentication was removed on August 13, 2021.
remote: Please see https://docs.github.com/get-started/getting-started-with-git/about-remote-repositories#cloning-with-https-urls for information on currently recommended modes of authentication.
labuser@labuser-virtual-machine:~/test1$ git push -u origin master
Username for 'https://github.com': Akhila-Redd
Password for 'https://Akhila-Redd@github.com': 
remote: Support for password authentication was removed on August 13, 2021.
remote: Please see https://docs.github.com/get-started/getting-started-with-git/about-remote-repositories#cloning-with-https-urls for information on currently recommended modes of authentication.
labuser@labuser-virtual-machine:~/test1$ git push -u origin master
Username for 'https://github.com': Akhila-Redd
Password for 'https://Akhila-Redd@github.com': 
remote: Invalid username or password.
fatal: Authentication failed for 'https://github.com/Akhila-Redd/practicallabtest1.git/'
labuser@labuser-virtual-machine:~/test1$ git push -u origin master
Username for 'https://github.com': Akhila-Redd
Password for 'https://Akhila-Redd@github.com': 
remote: Repository not found.
fatal: repository 'https://github.com/Akhila-Redd/practicallabtest1.git/' not found
labuser@labuser-virtual-machine:~/test1$ git push -u origin master
Username for 'https://github.com': Akhila-Redd
Password for 'https://Akhila-Redd@github.com': 
remote: Repository not found.
fatal: repository 'https://github.com/Akhila-Redd/practicallabtest1.git/' not found
labuser@labuser-virtual-machine:~/test1$ git remote add origin https://github.com/Akhila-Redd/practicelabtest1.git
error: remote origin already exists.
labuser@labuser-virtual-machine:~/test1$ git remote remove origin
labuser@labuser-virtual-machine:~/test1$ git remote add origin https://github.com/Akhila-Redd/practicelabtest1.git
labuser@labuser-virtual-machine:~/test1$ git remote -v
origin	https://github.com/Akhila-Redd/practicelabtest1.git (fetch)
origin	https://github.com/Akhila-Redd/practicelabtest1.git (push)
labuser@labuser-virtual-machine:~/test1$ git push -u origin master
Username for 'https://github.com': Akhila-Redd
Password for 'https://Akhila-Redd@github.com': 
remote: Support for password authentication was removed on August 13, 2021.
remote: Please see https://docs.github.com/get-started/getting-started-with-git/about-remote-repositories#cloning-with-https-urls for information on currently recommended modes of authentication.
fatal: Authentication failed for 'https://github.com/Akhila-Redd/practicelabtest1.git/'
labuser@labuser-virtual-machine:~/test1$ git push -u origin master
Username for 'https://github.com': Akhila-Redd
Password for 'https://Akhila-Redd@github.com': 
remote: Support for password authentication was removed on August 13, 2021.
remote: Please see https://docs.github.com/get-started/getting-started-with-git/about-remote-repositories#cloning-with-https-urls for information on currently recommended modes of authentication.
fatal: Authentication failed for 'https://github.com/Akhila-Redd/practicelabtest1.git/'
labuser@labuser-virtual-machine:~/test1$ git push -u origin master
Username for 'https://github.com': Akhila-Redd
Password for 'https://Akhila-Redd@github.com': 
remote: Support for password authentication was removed on August 13, 2021.
remote: Please see https://docs.github.com/get-started/getting-started-with-git/about-remote-repositories#cloning-with-https-urls for information on currently recommended modes of authentication.
fatal: Authentication failed for 'https://github.com/Akhila-Redd/practicelabtest1.git/'
labuser@labuser-virtual-machine:~/test1$ git remote remove origin
labuser@labuser-virtual-machine:~/test1$ git remote add origin https://github.com/Akhila-Redd/labtest2.git
labuser@labuser-virtual-machine:~/test1$ git remote -v
origin	https://github.com/Akhila-Redd/labtest2.git (fetch)
origin	https://github.com/Akhila-Redd/labtest2.git (push)
labuser@labuser-virtual-machine:~/test1$ git branch
* master
labuser@labuser-virtual-machine:~/test1$ git push -u origin master
Username for 'https://github.com': Akhila-Redd
Password for 'https://Akhila-Redd@github.com': 
remote: Support for password authentication was removed on August 13, 2021.
remote: Please see https://docs.github.com/get-started/getting-started-with-git/about-remote-repositories#cloning-with-https-urls for information on currently recommended modes of authentication.
fatal: Authentication failed for 'https://github.com/Akhila-Redd/labtest2.git/'
labuser@labuser-virtual-machine:~/test1$ git push -u origin master
Username for 'https://github.com': Akhila-Redd
Password for 'https://Akhila-Redd@github.com': 
Enumerating objects: 3, done.
Counting objects: 100% (3/3), done.
Writing objects: 100% (3/3), 223 bytes | 223.00 KiB/s, done.
Total 3 (delta 0), reused 0 (delta 0), pack-reused 0
To https://github.com/Akhila-Redd/labtest2.git
 * [new branch]      master -> master
Branch 'master' set up to track remote branch 'master' from 'origin'.
labuser@labuser-virtual-machine:~/test1$ ls
test1
labuser@labuser-virtual-machine:~/test1$ nano test1
labuser@labuser-virtual-machine:~/test1$ cat test1

test2
labuser@labuser-virtual-machine:~/test1$ git add .
labuser@labuser-virtual-machine:~/test1$ git commit -m "change2"
[master 295cc78] change2
 1 file changed, 2 insertions(+), 1 deletion(-)
labuser@labuser-virtual-machine:~/test1$ git push -u originmaster
fatal: 'originmaster' does not appear to be a git repository
fatal: Could not read from remote repository.

Please make sure you have the correct access rights
and the repository exists.
labuser@labuser-virtual-machine:~/test1$ git push -u origin master
Username for 'https://github.com': Akhila-Redd
Password for 'https://Akhila-Redd@github.com': 
Enumerating objects: 5, done.
Counting objects: 100% (5/5), done.
Writing objects: 100% (3/3), 252 bytes | 252.00 KiB/s, done.
Total 3 (delta 0), reused 0 (delta 0), pack-reused 0
To https://github.com/Akhila-Redd/labtest2.git
   7f69856..295cc78  master -> master
Branch 'master' set up to track remote branch 'master' from 'origin'.
labuser@labuser-virtual-machine:~/test1$ git branch
* master
labuser@labuser-virtual-machine:~/test1$ git branch devops1
labuser@labuser-virtual-machine:~/test1$ git checkout devops1
Switched to branch 'devops1'
labuser@labuser-virtual-machine:~/test1$ git branch
* devops1
  master
labuser@labuser-virtual-machine:~/test1$ echo "test3" > file1
labuser@labuser-virtual-machine:~/test1$ echo "test4" > file2
labuser@labuser-virtual-machine:~/test1$ ls -li
total 12
6160990 -rw-rw-r-- 1 labuser labuser 6 Dec 14 07:50 file1
6160991 -rw-rw-r-- 1 labuser labuser 6 Dec 14 07:50 file2
6162036 -rw-rw-r-- 1 labuser labuser 7 Dec 14 07:46 test1
labuser@labuser-virtual-machine:~/test1$ git add .
labuser@labuser-virtual-machine:~/test1$ git commit -m "change4"
[devops1 7ac7ecc] change4
 2 files changed, 2 insertions(+)
 create mode 100644 file1
 create mode 100644 file2
labuser@labuser-virtual-machine:~/test1$ git puh -u origin devops1
git: 'puh' is not a git command. See 'git --help'.

The most similar command is
	push
labuser@labuser-virtual-machine:~/test1$ git push -u origin devops1
Username for 'https://github.com': Akhila-Redd
Password for 'https://Akhila-Redd@github.com': 
Enumerating objects: 5, done.
Counting objects: 100% (5/5), done.
Delta compression using up to 4 threads
Compressing objects: 100% (2/2), done.
Writing objects: 100% (4/4), 322 bytes | 322.00 KiB/s, done.
Total 4 (delta 0), reused 0 (delta 0), pack-reused 0
remote: 
remote: Create a pull request for 'devops1' on GitHub by visiting:
remote:      https://github.com/Akhila-Redd/labtest2/pull/new/devops1
remote: 
To https://github.com/Akhila-Redd/labtest2.git
 * [new branch]      devops1 -> devops1
Branch 'devops1' set up to track remote branch 'devops1' from 'origin'.
labuser@labuser-virtual-machine:~/test1$ git branch
* devops1
  master
labuser@labuser-virtual-machine:~/test1$ git checkout master
Switched to branch 'master'
Your branch is up to date with 'origin/master'.
labuser@labuser-virtual-machine:~/test1$ git merge devops1
Updating 295cc78..7ac7ecc
Fast-forward
 file1 | 1 +
 file2 | 1 +
 2 files changed, 2 insertions(+)
 create mode 100644 file1
 create mode 100644 file2
labuser@labuser-virtual-machine:~/test1$ git log -p
commit 7ac7ecc772680a49e06f50e2bddecc66709031cc (HEAD -> master, origin/devops1, devops1)
Author: David Robichaud <david.robichaud@skillsoft.com>
Date:   Sat Dec 14 07:50:55 2024 -0500

    change4

diff --git a/file1 b/file1
new file mode 100644
index 0000000..df6b0d2
--- /dev/null
+++ b/file1
@@ -0,0 +1 @@
+test3
diff --git a/file2 b/file2
new file mode 100644
index 0000000..d234c5e
--- /dev/null
+++ b/file2
@@ -0,0 +1 @@
+test4

commit 295cc78d413adf4b12ac9992ab053eb4cbe1fa94 (origin/master)
Author: David Robichaud <david.robichaud@skillsoft.com>
Date:   Sat Dec 14 07:46:49 2024 -0500

    change2

diff --git a/test1 b/test1
index a5bce3f..bfd306c 100644
--- a/test1
+++ b/test1
@@ -1 +1,2 @@
-test1
+
+test2

commit 7f698562522af7fe2391740c828e7e230f4c8d1c
Author: David Robichaud <david.robichaud@skillsoft.com>
Date:   Sat Dec 14 05:52:51 2024 -0500

    change1

diff --git a/test1 b/test1
labuser@labuser-virtual-machine:~/test1$ 
labuser@labuser-virtual-machine:~/test1$ git log --oneline
7ac7ecc (HEAD -> master, origin/devops1, devops1) change4
295cc78 (origin/master) change2
7f69856 change1
labuser@labuser-virtual-machine:~/test1$ cd
labuser@labuser-virtual-machine:~$ git clone https://github.com/Akhila-Redd/labtest2.git
Cloning into 'labtest2'...
remote: Enumerating objects: 10, done.
remote: Counting objects: 100% (10/10), done.
remote: Compressing objects: 100% (4/4), done.
remote: Total 10 (delta 0), reused 10 (delta 0), pack-reused 0 (from 0)
Receiving objects: 100% (10/10), done.
labuser@labuser-virtual-machine:~$ ls -li
total 52
6029410 drwxr-xr-x 2 labuser labuser 4096 Sep 12  2023 Desktop
6029414 drwxr-xr-x 3 labuser labuser 4096 Dec 15  2023 Documents
6029411 drwxr-xr-x 2 labuser labuser 4096 Dec 18  2023 Downloads
6036475 -rw-rw-r-- 1 labuser labuser   53 Dec 18  2023 execute.yml
6032327 drwxrwxr-x 3 labuser labuser 4096 Dec 14 07:59 labtest2
6029415 drwxr-xr-x 2 labuser labuser 4096 Sep 12  2023 Music
6029416 drwxr-xr-x 2 labuser labuser 4096 Sep 12  2023 Pictures
6029413 drwxr-xr-x 2 labuser labuser 4096 Sep 12  2023 Public
6030259 drwxrwxr-x 2 labuser labuser 4096 Dec 18  2023 repos
6029322 drwx------ 6 labuser labuser 4096 Dec 15  2023 snap
6029412 drwxr-xr-x 2 labuser labuser 4096 Sep 12  2023 Templates
6162011 drwxrwxr-x 3 labuser labuser 4096 Dec 14 07:55 test1
6029418 drwxr-xr-x 2 labuser labuser 4096 Sep 12  2023 Videos
labuser@labuser-virtual-machine:~$ cd labtest1
bash: cd: labtest1: No such file or directory
labuser@labuser-virtual-machine:~$ cd labtest2
labuser@labuser-virtual-machine:~/labtest2$ ls
test1
labuser@labuser-virtual-machine:~/labtest2$ cd
labuser@labuser-virtual-machine:~$ mkdir dev1
labuser@labuser-virtual-machine:~$ cd dev1
labuser@labuser-virtual-machine:~/dev1$ git clone https://github.com/Akhila-Redd/labtest2.git
Cloning into 'labtest2'...
remote: Enumerating objects: 10, done.
remote: Counting objects: 100% (10/10), done.
remote: Compressing objects: 100% (4/4), done.
remote: Total 10 (delta 0), reused 10 (delta 0), pack-reused 0 (from 0)
Receiving objects: 100% (10/10), done.
labuser@labuser-virtual-machine:~/dev1$ ls
labtest2
labuser@labuser-virtual-machine:~/dev1$ rm labtest2
rm: cannot remove 'labtest2': Is a directory
labuser@labuser-virtual-machine:~/dev1$ rmdir labtest2
rmdir: failed to remove 'labtest2': Directory not empty
labuser@labuser-virtual-machine:~/dev1$ rm -r labtest2
rm: remove write-protected regular file 'labtest2/.git/objects/pack/pack-71d6af67a5f4adc840097c7e823ba16997538553.idx'? y
rm: remove write-protected regular file 'labtest2/.git/objects/pack/pack-71d6af67a5f4adc840097c7e823ba16997538553.pack'? y
labuser@labuser-virtual-machine:~/dev1$ ls
labuser@labuser-virtual-machine:~/dev1$ git pull https://github.com/Akhila-Redd/labtest2.git
fatal: not a git repository (or any of the parent directories): .git
labuser@labuser-virtual-machine:~/dev1$ git remote -v
fatal: not a git repository (or any of the parent directories): .git
labuser@labuser-virtual-machine:~/dev1$ git init .
hint: Using 'master' as the name for the initial branch. This default branch name
hint: is subject to change. To configure the initial branch name to use in all
hint: of your new repositories, which will suppress this warning, call:
hint: 
hint: 	git config --global init.defaultBranch <name>
hint: 
hint: Names commonly chosen instead of 'master' are 'main', 'trunk' and
hint: 'development'. The just-created branch can be renamed via this command:
hint: 
hint: 	git branch -m <name>
Initialized empty Git repository in /home/labuser/dev1/.git/
labuser@labuser-virtual-machine:~/dev1$ git remote -v
labuser@labuser-virtual-machine:~/dev1$ git pull https://github.com/Akhila-Redd/labtest2.git
remote: Enumerating objects: 6, done.
remote: Counting objects: 100% (6/6), done.
remote: Compressing objects: 100% (2/2), done.
remote: Total 6 (delta 0), reused 6 (delta 0), pack-reused 0 (from 0)
Unpacking objects: 100% (6/6), 423 bytes | 423.00 KiB/s, done.
From https://github.com/Akhila-Redd/labtest2
 * branch            HEAD       -> FETCH_HEAD
labuser@labuser-virtual-machine:~/dev1$ git branch
* master
labuser@labuser-virtual-machine:~/dev1$ ls -li
total 4
6031892 -rw-rw-r-- 1 labuser labuser 7 Dec 14 08:06 test1
labuser@labuser-virtual-machine:~/dev1$ git branch m1
labuser@labuser-virtual-machine:~/dev1$ git checkout m1
Switched to branch 'm1'
labuser@labuser-virtual-machine:~/dev1$ echo "apple1" > fruit
labuser@labuser-virtual-machine:~/dev1$ ls
fruit  test1
labuser@labuser-virtual-machine:~/dev1$ git checkout master
Switched to branch 'master'
labuser@labuser-virtual-machine:~/dev1$ ls
fruit  test1
labuser@labuser-virtual-machine:~/dev1$ git rebase master
Current branch master is up to date.
labuser@labuser-virtual-machine:~/dev1$ 
